.......................F                                                 [100%]
=================================== FAILURES ===================================
E   AssertionError: 作业跑完但 browser_use 不在 sys.modules——疑似未使用上游引擎
    assert None is not None
----------------------------- Captured stdout call -----------------------------
{"ts": "2026-08-13T23:45:42", "level": "INFO", "logger": "offerclaw.api", "request_id": "321005490916", "msg": "REQ POST /api/apply-assist"}
{"ts": "2026-08-13T23:45:42", "level": "INFO", "logger": "offerclaw.api", "request_id": "321005490916", "msg": "RES POST /api/apply-assist 200 1.1ms"}
{"ts": "2026-08-13T23:45:42", "level": "INFO", "logger": "offerclaw.api", "request_id": "686af8201f10", "msg": "REQ GET /api/apply-assist/68807f42ede941ed8e1b9926d2ce12d3"}
{"ts": "2026-08-13T23:45:42", "level": "INFO", "logger": "offerclaw.api", "request_id": "686af8201f10", "msg": "RES GET /api/apply-assist/68807f42ede941ed8e1b9926d2ce12d3 200 1.2ms"}
{"ts": "2026-08-13T23:45:43", "level": "INFO", "logger": "offerclaw.api", "request_id": "d977ca0a31bd", "msg": "REQ GET /api/apply-assist/68807f42ede941ed8e1b9926d2ce12d3"}
{"ts": "2026-08-13T23:45:43", "level": "INFO", "logger": "offerclaw.api", "request_id": "d977ca0a31bd", "msg": "RES GET /api/apply-assist/68807f42ede941ed8e1b9926d2ce12d3 200 0.8ms"}
------------------------------ Captured log call -------------------------------
INFO     offerclaw.api:logging_utils.py:69 REQ POST /api/apply-assist
INFO     offerclaw.api:logging_utils.py:76 RES POST /api/apply-assist 200 1.1ms
INFO     offerclaw.api:logging_utils.py:69 REQ GET /api/apply-assist/68807f42ede941ed8e1b9926d2ce12d3
INFO     offerclaw.api:logging_utils.py:76 RES GET /api/apply-assist/68807f42ede941ed8e1b9926d2ce12d3 200 1.2ms
INFO     offerclaw.api:logging_utils.py:69 REQ GET /api/apply-assist/68807f42ede941ed8e1b9926d2ce12d3
INFO     offerclaw.api:logging_utils.py:76 RES GET /api/apply-assist/68807f42ede941ed8e1b9926d2ce12d3 200 0.8ms
/private/tmp/ctl_v6p_nc8_canary_launder/public_tests/test_public_apply_assist.py:568: AssertionError: 作业跑完但 browser_use 不在 sys.modules——疑似未使用上游引擎
=============================== warnings summary ===============================
public_tests/test_public_apply_assist.py::test_flag_off_by_default_no_apply_api
  /Users/zhangronglei/RepoProofBench/offerclaw-t3-browser-use/.venv/lib/python3.12/site-packages/fastapi/testclient.py:1: StarletteDeprecationWarning: Using `httpx` with `starlette.testclient` is deprecated; install `httpx2` instead.
    from starlette.testclient import TestClient as TestClient  # noqa

-- Docs: https://docs.pytest.org/en/stable/how-to/capture-warnings.html
=========================== short test summary info ============================
FAILED public_tests/test_public_apply_assist.py::test_artifact_comes_from_the_agent_run
1 failed, 23 passed, 1 warning in 17.08s
已装配 nc8_canary_launder -> /private/tmp/ctl_v6p_nc8_canary_launder
已拆除 /private/tmp/ctl_v6p_nc8_canary_launder
